  Determining projects to restore...
  All projects are up-to-date for restore.
D:\nguyen_dang_nguyen\Term8_SPRING2026\PRN232\projects\TeamProject\FootballBooking_BE\Services\Implementations\BookingService.cs(9,35): error CS0535: 'BookingService' does not implement interface member 'IBookingService.StaffConfirmBookingAsync(int, int)' [D:\nguyen_dang_nguyen\Term8_SPRING2026\PRN232\projects\TeamProject\FootballBooking_BE\FootballBooking_BE.csproj]

Build FAILED.

D:\nguyen_dang_nguyen\Term8_SPRING2026\PRN232\projects\TeamProject\FootballBooking_BE\Services\Implementations\BookingService.cs(9,35): error CS0535: 'BookingService' does not implement interface member 'IBookingService.StaffConfirmBookingAsync(int, int)' [D:\nguyen_dang_nguyen\Term8_SPRING2026\PRN232\projects\TeamProject\FootballBooking_BE\FootballBooking_BE.csproj]
    0 Warning(s)
    1 Error(s)

Time Elapsed 00:00:01.84
